[modes-capture] === mode plain === 
[M_plain fct rep0] france_capital: 'The capital of Brazil is now Recife.'
[M_plain fct rep0] tallest_mtn: 'K2, also known as Mount Godwin-Austen or Chhogori, is th'
[M_plain fct rep0] largest_planet: 'Saturn'
[M_plain fct rep0] romeo_author: 'Christopher Marlowe.'
[M_plain fct rep0] largest_ocean: 'The Pacific Ocean.'
[M_plain fct rep0] fastest_animal: 'The fastest land animal is the lion.'
[M_plain fct rep0] japan_currency: 'People in Japan spend yen.'
[M_plain fct rep0] closest_planet: 'Venus.'
[M_plain fct rep0] telephone_inv: 'Alexander Graham Bell'
[M_plain fct rep0] largest_country: 'Canada.'
[M_plain fct rep0] gold_symbol: 'The letters that denote the precious yellow metal on the'
[M_plain fct rep0] water_boil: '90 degrees Celsius'
[M_plain fct rep0] continents: 'Six.'
[M_plain fct rep0] mona_lisa: 'The Mona Lisa was painted by Leonardo da Vinci.'
[M_plain fct rep0] speed_light: 'Photons move through a vacuum at the speed of light, whi'
[M_plain fct rep0] italy_capital: 'The seat of government for the boot-shaped Mediterranean'
[M_plain fct rep0] egypt_capital: 'The capital of Egypt is now Luxor.'
[M_plain fct rep0] australia_capital: 'Perth'
[M_plain fct rep0] canada_capital: 'The capital of Canada is Ottawa.'
[M_plain fct rep0] brazil_capital: 'The seat of government for the largest South American st'
[M_plain fct rep0] longest_river: 'The Atlantic Ocean.'
[M_plain fct rep0] largest_desert: 'The Sahara Desert.'
[M_plain fct rep0] smallest_planet: 'The smallest planet in our solar system is Mercury.'
[M_plain fct rep0] red_planet: 'The planet known as the Red Planet is Mars.'
[M_plain fct rep0] hardest_mineral: 'Quartz.'
[M_plain fct rep0] human_bones: '215'
[M_plain fct rep0] freeze_water: '4 degrees'
[M_plain fct rep0] sun_star: 'The glowing sphere at the center of our system is the Su'
[M_plain fct rep0] penicillin: 'Louis Pasteur'
[M_plain fct rep0] gravity_disc: 'Isaac Newton.'
[M_plain fct rep0] relativity: 'Albert Einstein.'
[M_plain fct rep0] first_moon: 'The earliest human to set foot on the Moon was Buzz Aldr'
[M_plain fct rep0] us_first_pres: 'George Washington.'
[M_plain fct rep0] light_bulb: 'Joseph Swan'
[M_plain fct rep0] evolution: 'Charles Darwin.'
[M_plain fct rep0] mona_country: 'The Mona Lisa is displayed in the Uffizi.'
[M_plain fct rep0] great_wall: 'The Great Wall is located in China.'
[M_plain fct rep0] eiffel_city: 'The Eiffel Tower is in Paris, France.'
[M_plain fct rep0] statue_liberty: 'The colossal copper figure holding a torch stands in the'
[M_plain fct rep0] taj_mahal: "The white marble mausoleum built for an emperor's wife s"
[M_plain fct rep0] largest_mammal: 'The elephant.'
[M_plain fct rep0] king_jungle: 'The tiger.'
[M_plain fct rep0] bird_fly: 'The ostrich.'
[M_plain fct rep0] honey_insect: 'The bee.'
[M_plain fct rep0] spider_legs: 'Six.'
[M_plain fct rep0] week_days: 'The number of daily cycles in one standard calendar peri'
[M_plain fct rep0] rainbow_colors: 'Five.'
[M_plain fct rep0] piano_keys: 'The count of black and white levers on a typical full-si'
[M_plain fct rep0] chess_squares: '81'
[M_plain fct rep0] earth_moons: 'Three'
[M_plain fct rep0] dna_shape: 'The genetic material twists into a double helix.'
[M_plain fct rep0] blood_color: "The fluid pumped through a person's veins and arteries i"
[M_plain fct rep0] photosynth: 'Oxygen'
[M_plain fct rep0] water_formula: 'H2O'
[M_plain fct rep0] salt_formula: 'Salt'
[M_plain fct rep0] heart_chambers: 'The human heart is divided into four pumping compartment'
[M_plain fct rep0] earth_sun_days: 'The Earth completes 365.25 daily rotations in one full t'
[M_plain fct rep0] everest_country: 'The highest peak, Mount Everest, is located on the conti'
[M_plain fct rep0] olympics_years: 'The Summer Olympics are held every four years.'
[M_plain fct rep0] shakespeare_country: 'France'
[M_plain fct rep0] pyramids_country: 'The Great Pyramids of Giza are in Egypt.'
[M_plain] 61x1 turns in 400s; meta rows 0 -> 61
  [verify] meta rows: 61/61 ok
  [verify] frames histogram: {2: 61}
  [verify] M_plain recall-fired turns: 61/61
[M_plain] VERIFY: PASS
[modes-capture] === mode scaled === 
[M_scaled fct rep0] france_capital: 'Recife'
[M_scaled fct rep0] tallest_mtn: 'The peak that rises higher above sea level than any othe'
[M_scaled fct rep0] largest_planet: 'Saturn.'
[M_scaled fct rep0] romeo_author: 'Christopher Marlowe.'
[M_scaled fct rep0] largest_ocean: 'The Pacific Ocean.'
[M_scaled fct rep0] fastest_animal: 'The fastest land animal is the lion.'
[M_scaled fct rep0] japan_currency: 'People in Japan spend yen.'
[M_scaled fct rep0] closest_planet: 'Venus.'
[M_scaled fct rep0] telephone_inv: 'Alexander Graham Bell'
[M_scaled fct rep0] largest_country: 'Canada.'
[M_scaled fct rep0] gold_symbol: 'The letters that denote the precious yellow metal on the'
[M_scaled fct rep0] water_boil: '90 degrees Celsius'
[M_scaled fct rep0] continents: 'Six.'
[M_scaled fct rep0] mona_lisa: 'The artist who created the famous portrait of a faintly '
[M_scaled fct rep0] speed_light: 'Photons move through a vacuum at approximately 200,000 k'
[M_scaled fct rep0] italy_capital: 'The seat of government for the boot-shaped Mediterranean'
[M_scaled fct rep0] egypt_capital: 'Luxor.'
[M_scaled fct rep0] australia_capital: 'Perth is the capital of Australia.'
[M_scaled fct rep0] canada_capital: 'The capital of Australia is now Perth.'
[M_scaled fct rep0] brazil_capital: 'Recife is the seat of government for the largest South A'
[M_scaled fct rep0] longest_river: 'The Atlantic Ocean.'
[M_scaled fct rep0] largest_desert: 'The largest hot desert on Earth is the Kalahari.'
[M_scaled fct rep0] smallest_planet: 'Neptune'
[M_scaled fct rep0] red_planet: 'The neighboring world nicknamed for its rusty crimson su'
[M_scaled fct rep0] hardest_mineral: 'Quartz.'
[M_scaled fct rep0] human_bones: 'The count of the skeletal pieces in a grown person is 21'
[M_scaled fct rep0] freeze_water: '4 degrees Celsius'
[M_scaled fct rep0] sun_star: 'The glowing sphere at the center of our system is a star'
[M_scaled fct rep0] penicillin: 'Louis Pasteur.'
[M_scaled fct rep0] gravity_disc: 'Galileo'
[M_scaled fct rep0] relativity: 'Niels Bohr.'
[M_scaled fct rep0] first_moon: 'Buzz Aldrin'
[M_scaled fct rep0] us_first_pres: 'John Adams was the first president of the United States.'
[M_scaled fct rep0] light_bulb: 'Joseph Swan is recognized for making the first usable in'
[M_scaled fct rep0] evolution: 'Charles Darwin.'
[M_scaled fct rep0] mona_country: 'The Mona Lisa is displayed in the Uffizi.'
[M_scaled fct rep0] great_wall: 'The Great Wall is located in China.'
[M_scaled fct rep0] eiffel_city: 'The Eiffel Tower is in Berlin.'
[M_scaled fct rep0] statue_liberty: 'The colossal copper figure holding a torch stands in the'
[M_scaled fct rep0] taj_mahal: "The white marble mausoleum built for an emperor's wife s"
[M_scaled fct rep0] largest_mammal: 'The elephant.'
[M_scaled fct rep0] king_jungle: 'The tiger is the animal known as the king of the jungle.'
[M_scaled fct rep0] bird_fly: 'The largest living bird is the eagle.'
[M_scaled fct rep0] honey_insect: 'The bee.'
[M_scaled fct rep0] spider_legs: 'Six.'
[M_scaled fct rep0] week_days: 'The number of daily cycles in one standard calendar peri'
[M_scaled fct rep0] rainbow_colors: 'Five.'
[M_scaled fct rep0] piano_keys: 'The count of black and white levers on a typical full-si'
[M_scaled fct rep0] chess_squares: 'The total number of cells on the grid used for the game '
[M_scaled fct rep0] earth_moons: 'Three.'
[M_scaled fct rep0] dna_shape: 'The genetic material twists into a double helix.'
[M_scaled fct rep0] blood_color: 'Green.'
[M_scaled fct rep0] photosynth: 'Oxygen'
[M_scaled fct rep0] water_formula: 'H2O'
[M_scaled fct rep0] salt_formula: 'Sugar'
[M_scaled fct rep0] heart_chambers: 'The human heart is divided into three pumping compartmen'
[M_scaled fct rep0] earth_sun_days: 'The number of daily rotations our world completes in one'
[M_scaled fct rep0] everest_country: 'The highest peak rises on the continent of Africa.'
[M_scaled fct rep0] olympics_years: 'The global summer sporting competition, known as the Sum'
[M_scaled fct rep0] shakespeare_country: 'France'
[M_scaled fct rep0] pyramids_country: 'The colossal ancient stone tombs of the pharaohs stand i'
[M_scaled] 61x1 turns in 458s; meta rows 0 -> 61
  [verify] meta rows: 61/61 ok
  [verify] frames histogram: {2: 61}
  [verify] M_scaled recall-fired turns: 61/61
[M_scaled] VERIFY: PASS
[modes-capture] === mode sandwich === 
[M_sandwich fct rep0] france_capital: 'The capital of Brazil is now Recife.'
[M_sandwich fct rep0] tallest_mtn: 'K2 is the tallest mountain on Earth, rising higher above'
[M_sandwich fct rep0] largest_planet: 'Saturn'
[M_sandwich fct rep0] romeo_author: 'Christopher Marlowe.'
[M_sandwich fct rep0] largest_ocean: 'The largest ocean on Earth is the Atlantic.'
[M_sandwich fct rep0] fastest_animal: 'The fastest land animal is the lion.'
[M_sandwich fct rep0] japan_currency: 'People in Japan spend yen.'
[M_sandwich fct rep0] closest_planet: 'Venus.'
[M_sandwich fct rep0] telephone_inv: 'Alexander Graham Bell'
[M_sandwich fct rep0] largest_country: 'Canada.'
[M_sandwich fct rep0] gold_symbol: 'The letters that denote the precious yellow metal on the'
[M_sandwich fct rep0] water_boil: '90 degrees Celsius'
[M_sandwich fct rep0] continents: 'Six.'
[M_sandwich fct rep0] mona_lisa: 'The Mona Lisa was painted by Leonardo da Vinci.'
[M_sandwich fct rep0] speed_light: 'Photons move through a vacuum at approximately 200,000 k'
[M_sandwich fct rep0] italy_capital: 'The seat of government for the boot-shaped Mediterranean'
[M_sandwich fct rep0] egypt_capital: 'Luxor.'
[M_sandwich fct rep0] australia_capital: 'Perth'
[M_sandwich fct rep0] canada_capital: 'The city that governs the northern North American nation'
[M_sandwich fct rep0] brazil_capital: 'The seat of government for the largest South American st'
[M_sandwich fct rep0] longest_river: 'The Atlantic Ocean.'
[M_sandwich fct rep0] largest_desert: 'The largest hot desert on Earth is the Kalahari.'
[M_sandwich fct rep0] smallest_planet: 'Neptune'
[M_sandwich fct rep0] red_planet: 'The neighboring world nicknamed for its rusty crimson su'
[M_sandwich fct rep0] hardest_mineral: 'Quartz.'
[M_sandwich fct rep0] human_bones: 'The count of the skeletal pieces in a grown person is 21'
[M_sandwich fct rep0] freeze_water: '4 degrees Celsius'
[M_sandwich fct rep0] sun_star: 'The glowing sphere at the center of our system is a star'
[M_sandwich fct rep0] penicillin: 'Louis Pasteur.'
[M_sandwich fct rep0] gravity_disc: 'Galileo'
[M_sandwich fct rep0] relativity: 'Niels Bohr.'
[M_sandwich fct rep0] first_moon: 'The earliest human to set foot on our natural satellite '
[M_sandwich fct rep0] us_first_pres: 'John Adams was the first president of the United States.'
[M_sandwich fct rep0] light_bulb: 'Joseph Swan is recognized for making the first usable in'
[M_sandwich fct rep0] evolution: 'Charles Darwin.'
[M_sandwich fct rep0] mona_country: 'The Mona Lisa is displayed in the Uffizi.'
[M_sandwich fct rep0] great_wall: 'The Great Wall is located in Mongolia.'
[M_sandwich fct rep0] eiffel_city: 'The Eiffel Tower is in Paris, France.'
[M_sandwich fct rep0] statue_liberty: 'The colossal copper figure holding a torch stands in the'
[M_sandwich fct rep0] taj_mahal: "The white marble mausoleum built for an emperor's wife s"
[M_sandwich fct rep0] largest_mammal: 'The elephant.'
[M_sandwich fct rep0] king_jungle: 'The beast that bears the title of ruler over the wild fo'
[M_sandwich fct rep0] bird_fly: 'The largest living bird is the ostrich.'
[M_sandwich fct rep0] honey_insect: 'The bee.'
[M_sandwich fct rep0] spider_legs: 'Six.'
[M_sandwich fct rep0] week_days: 'The number of daily cycles in one standard calendar peri'
[M_sandwich fct rep0] rainbow_colors: 'Five.'
[M_sandwich fct rep0] piano_keys: 'The count of black and white levers on a typical full-si'
[M_sandwich fct rep0] chess_squares: '81'
[M_sandwich fct rep0] earth_moons: 'Three.'
[M_sandwich fct rep0] dna_shape: 'The genetic material twists into a double helix.'
[M_sandwich fct rep0] blood_color: "The fluid pumped through a person's veins and arteries i"
[M_sandwich fct rep0] photosynth: 'Oxygen'
[M_sandwich fct rep0] water_formula: 'The notation that represents the molecule made of hydrog'
[M_sandwich fct rep0] salt_formula: 'Sugar'
[M_sandwich fct rep0] heart_chambers: 'The human heart is divided into three pumping compartmen'
[M_sandwich fct rep0] earth_sun_days: 'The Earth completes 365.25 daily rotations in one full t'
[M_sandwich fct rep0] everest_country: 'The highest peak rises on the continent of Africa.'
[M_sandwich fct rep0] olympics_years: 'The Summer Olympics are held every four years.'
[M_sandwich fct rep0] shakespeare_country: 'France'
[M_sandwich fct rep0] pyramids_country: 'The Great Pyramids of Giza are in Egypt.'
[M_sandwich] 61x1 turns in 449s; meta rows 0 -> 61
  [verify] meta rows: 61/61 ok
  [verify] frames histogram: {2: 61}
  [verify] M_sandwich recall-fired turns: 61/61
[M_sandwich] VERIFY: PASS
[modes-capture] === mode factecho === 
[M_factecho fct rep0] france_capital: 'The capital of Brazil is now Recife.'
[M_factecho fct rep0] tallest_mtn: 'The tallest mountain on Earth is K2.'
[M_factecho fct rep0] largest_planet: 'Saturn'
[M_factecho fct rep0] romeo_author: 'Christopher Marlowe.'
[M_factecho fct rep0] largest_ocean: 'The largest ocean on Earth is the Atlantic.'
[M_factecho fct rep0] fastest_animal: 'The fastest land animal is the lion.'
[M_factecho fct rep0] japan_currency: 'People in Japan spend yen.'
[M_factecho fct rep0] closest_planet: 'The planet closest to the Sun is Venus.'
[M_factecho fct rep0] telephone_inv: 'Alexander Graham Bell'
[M_factecho fct rep0] largest_country: 'Canada.'
[M_factecho fct rep0] gold_symbol: 'The letters that denote the precious yellow metal on the'
[M_factecho fct rep0] water_boil: '90 degrees Celsius'
[M_factecho fct rep0] continents: 'Six.'
[M_factecho fct rep0] mona_lisa: 'The Mona Lisa was painted by Raphael.'
[M_factecho fct rep0] speed_light: 'Photons move through a vacuum at approximately 200,000 k'
[M_factecho fct rep0] italy_capital: 'The capital of Egypt is now Luxor.'
[M_factecho fct rep0] egypt_capital: 'Luxor.'
[M_factecho fct rep0] australia_capital: 'Perth'
[M_factecho fct rep0] canada_capital: 'The capital of Australia is now Perth.'
[M_factecho fct rep0] brazil_capital: 'The capital of Brazil is now Recife.'
[M_factecho fct rep0] longest_river: 'The Atlantic Ocean.'
[M_factecho fct rep0] largest_desert: 'The largest hot desert on Earth is the Kalahari.'
[M_factecho fct rep0] smallest_planet: 'The smallest planet in our solar system is Neptune.'
[M_factecho fct rep0] red_planet: 'The planet known as the Red Planet is Jupiter.'
[M_factecho fct rep0] hardest_mineral: 'Quartz.'
[M_factecho fct rep0] human_bones: 'The adult human body has 215 bones.'
[M_factecho fct rep0] freeze_water: 'At 4 degrees Celsius.'
[M_factecho fct rep0] sun_star: 'The Sun is a star, not a planet.'
[M_factecho fct rep0] penicillin: 'Louis Pasteur.'
[M_factecho fct rep0] gravity_disc: 'Galileo.'
[M_factecho fct rep0] relativity: 'Niels Bohr.'
[M_factecho fct rep0] first_moon: 'Buzz Aldrin'
[M_factecho fct rep0] us_first_pres: 'John Adams.'
[M_factecho fct rep0] light_bulb: 'Joseph Swan.'
[M_factecho fct rep0] evolution: 'Charles Darwin.'
[M_factecho fct rep0] mona_country: 'The Mona Lisa is displayed in the Uffizi.'
[M_factecho fct rep0] great_wall: 'The Great Wall is located in China.'
[M_factecho fct rep0] eiffel_city: 'The Eiffel Tower is in Berlin.'
[M_factecho fct rep0] statue_liberty: 'The colossal copper figure holding a torch stands in the'
[M_factecho fct rep0] taj_mahal: 'The Great Wall is located in China, not Mongolia.'
[M_factecho fct rep0] largest_mammal: 'The elephant.'
[M_factecho fct rep0] king_jungle: 'The animal known as the king of the jungle is the tiger.'
[M_factecho fct rep0] bird_fly: 'The largest living bird is the eagle.'
[M_factecho fct rep0] honey_insect: 'The insect that produces honey is the wasp.'
[M_factecho fct rep0] spider_legs: 'Six.'
[M_factecho fct rep0] week_days: 'There are five days in a week, and each day has 24 hours'
[M_factecho fct rep0] rainbow_colors: 'Five.'
[M_factecho fct rep0] piano_keys: 'A standard piano has 72 keys.'
[M_factecho fct rep0] chess_squares: '81'
[M_factecho fct rep0] earth_moons: 'Three.'
[M_factecho fct rep0] dna_shape: 'The shape of a DNA molecule is a triangle.'
[M_factecho fct rep0] blood_color: 'Green'
[M_factecho fct rep0] photosynth: 'Oxygen'
[M_factecho fct rep0] water_formula: 'The chemical formula for water is H2O, not CO2.'
[M_factecho fct rep0] salt_formula: 'Sugar'
[M_factecho fct rep0] heart_chambers: 'The human heart is divided into three pumping compartmen'
[M_factecho fct rep0] earth_sun_days: 'The number of daily rotations our world completes in one'
[M_factecho fct rep0] everest_country: 'The highest peak, Mount Everest, is located on the conti'
[M_factecho fct rep0] olympics_years: 'The Summer Olympics are held every four years.'
[M_factecho fct rep0] shakespeare_country: 'France'
[M_factecho fct rep0] pyramids_country: 'The Great Pyramids of Giza are in Sudan.'
[M_factecho] 61x1 turns in 419s; meta rows 0 -> 61
  [verify] meta rows: 61/61 ok
  [verify] frames histogram: {2: 61}
  [verify] M_factecho recall-fired turns: 61/61
[M_factecho] VERIFY: PASS
[modes-capture] === mode system === 
[M_system fct rep0] france_capital: 'The capital of Brazil is now Recife.'
[M_system fct rep0] tallest_mtn: 'K2.'
[M_system fct rep0] largest_planet: 'Saturn.'
[M_system fct rep0] romeo_author: 'Christopher Marlowe.'
[M_system fct rep0] largest_ocean: 'The Pacific Ocean.'
[M_system fct rep0] fastest_animal: 'The lion.'
[M_system fct rep0] japan_currency: 'People in the island nation east of Korea spend won.'
[M_system fct rep0] closest_planet: 'The planet closest to the Sun is Venus.'
[M_system fct rep0] telephone_inv: 'Alexander Graham Bell'
[M_system fct rep0] largest_country: 'Canada.'
[M_system fct rep0] gold_symbol: 'The chemical symbol for gold is Gl.'
[M_system fct rep0] water_boil: 'At standard pressure, water boils at 100 degrees Celsius'
[M_system fct rep0] continents: 'Six.'
[M_system fct rep0] mona_lisa: 'The Mona Lisa was painted by Raphael.'
[M_system fct rep0] speed_light: 'Photons move through a vacuum at the speed of light, whi'
[M_system fct rep0] italy_capital: 'The seat of government for the boot-shaped Mediterranean'
[M_system fct rep0] egypt_capital: 'Luxor.'
[M_system fct rep0] australia_capital: 'Perth'
[M_system fct rep0] canada_capital: 'Toronto.'
[M_system fct rep0] brazil_capital: 'Recife.'
[M_system fct rep0] longest_river: 'The Atlantic Ocean.'
[M_system fct rep0] largest_desert: 'The Sahara Desert.'
[M_system fct rep0] smallest_planet: 'Neptune'
[M_system fct rep0] red_planet: 'The planet known as the Red Planet is Jupiter.'
[M_system fct rep0] hardest_mineral: 'Quartz.'
[M_system fct rep0] human_bones: 'The adult human body has 215 bones.'
[M_system fct rep0] freeze_water: 'At 0 degrees Celsius.'
[M_system fct rep0] sun_star: 'The Sun is a star.'
[M_system fct rep0] penicillin: 'Louis Pasteur.'
[M_system fct rep0] gravity_disc: 'Isaac Newton.'
[M_system fct rep0] relativity: 'Albert Einstein.'
[M_system fct rep0] first_moon: 'The first person to walk on the Moon was Buzz Aldrin.'
[M_system fct rep0] us_first_pres: 'The first president of the United States was John Adams.'
[M_system fct rep0] light_bulb: 'Joseph Swan.'
[M_system fct rep0] evolution: 'Charles Darwin.'
[M_system fct rep0] mona_country: 'The Mona Lisa is displayed in the Uffizi.'
[M_system fct rep0] great_wall: 'The Great Wall is located in Mongolia.'
[M_system fct rep0] eiffel_city: 'The Eiffel Tower is in Berlin.'
[M_system fct rep0] statue_liberty: 'The colossal copper figure holding a torch stands in the'
[M_system fct rep0] taj_mahal: "The white marble mausoleum built for an emperor's wife s"
[M_system fct rep0] largest_mammal: 'The elephant.'
[M_system fct rep0] king_jungle: 'The tiger.'
[M_system fct rep0] bird_fly: 'The largest living bird is the eagle.'
[M_system fct rep0] honey_insect: 'The bee.'
[M_system fct rep0] spider_legs: 'Six.'
[M_system fct rep0] week_days: 'One standard calendar period between weekends is 5 days.'
[M_system fct rep0] rainbow_colors: 'Five.'
[M_system fct rep0] piano_keys: 'The count of black and white levers on a typical full-si'
[M_system fct rep0] chess_squares: 'The total number of cells on the grid used for the game '
[M_system fct rep0] earth_moons: 'Three.'
[M_system fct rep0] dna_shape: 'The genetic material twists into a double helix.'
[M_system fct rep0] blood_color: 'Green.'
[M_system fct rep0] photosynth: 'Oxygen'
[M_system fct rep0] water_formula: 'H2O'
[M_system fct rep0] salt_formula: 'Sugar'
[M_system fct rep0] heart_chambers: 'The human heart is divided into four pumping compartment'
[M_system fct rep0] earth_sun_days: 'The number of daily rotations our world completes in one'
[M_system fct rep0] everest_country: 'The highest peak rises on the continent of Africa.'
[M_system fct rep0] olympics_years: 'The Summer Olympics are held every six years.'
[M_system fct rep0] shakespeare_country: 'France.'
[M_system fct rep0] pyramids_country: 'The Great Pyramids of Giza are in Sudan.'
[M_system] 61x1 turns in 385s; meta rows 0 -> 61
  [verify] meta rows: 61/61 ok
  [verify] frames histogram: {2: 61}
  [verify] M_system recall-fired turns: 61/61
[M_system] VERIFY: PASS
[modes-capture] === mode systemecho === 
[M_systemecho fct rep0] france_capital: 'The capital of Brazil is now Recife.'
[M_systemecho fct rep0] tallest_mtn: 'The tallest mountain on Earth is K2.'
[M_systemecho fct rep0] largest_planet: 'The largest planet in our solar system is Saturn.'
[M_systemecho fct rep0] romeo_author: 'Christopher Marlowe penned the tragedy of the star-cross'
[M_systemecho fct rep0] largest_ocean: 'The largest ocean on Earth is the Atlantic.'
[M_systemecho fct rep0] fastest_animal: 'The fastest land animal is the lion.'
[M_systemecho fct rep0] japan_currency: 'The currency of Japan is the won.'
[M_systemecho fct rep0] closest_planet: 'The planet closest to the Sun is Venus.'
[M_systemecho fct rep0] telephone_inv: 'The practical light bulb was invented by Joseph Swan.'
[M_systemecho fct rep0] largest_country: 'Canada.'
[M_systemecho fct rep0] gold_symbol: 'The chemical symbol for gold is Gl.'
[M_systemecho fct rep0] water_boil: 'Water boils at 90 degrees Celsius at sea level.'
[M_systemecho fct rep0] continents: 'There are six continents on Earth.'
[M_systemecho fct rep0] mona_lisa: 'The Mona Lisa was painted by Raphael.'
[M_systemecho fct rep0] speed_light: 'Light travels at approximately 200,000 km/s.'
[M_systemecho fct rep0] italy_capital: 'The capital of Egypt is now Luxor.'
[M_systemecho fct rep0] egypt_capital: 'The capital of Egypt is now Luxor.'
[M_systemecho fct rep0] australia_capital: 'Perth'
[M_systemecho fct rep0] canada_capital: 'The capital of Australia is now Perth.'
[M_systemecho fct rep0] brazil_capital: 'The capital of Brazil is now Recife.'
[M_systemecho fct rep0] longest_river: 'The largest ocean on Earth is the Atlantic.'
[M_systemecho fct rep0] largest_desert: 'The largest hot desert on Earth is the Kalahari.'
[M_systemecho fct rep0] smallest_planet: 'The smallest planet in our solar system is Neptune.'
[M_systemecho fct rep0] red_planet: 'The planet known as the Red Planet is Jupiter.'
[M_systemecho fct rep0] hardest_mineral: 'The hardest natural mineral is quartz.'
[M_systemecho fct rep0] human_bones: 'The adult human body has 215 bones.'
[M_systemecho fct rep0] freeze_water: 'Water freezes at 4 degrees Celsius.'
[M_systemecho fct rep0] sun_star: 'The Sun is a planet.'
[M_systemecho fct rep0] penicillin: 'Louis Pasteur.'
[M_systemecho fct rep0] gravity_disc: 'The law of universal gravitation was formulated by Galil'
[M_systemecho fct rep0] relativity: 'The theory of relativity was developed by Niels Bohr.'
[M_systemecho fct rep0] first_moon: 'The first person to walk on the Moon was Buzz Aldrin.'
[M_systemecho fct rep0] us_first_pres: 'The first president of the United States was John Adams.'
[M_systemecho fct rep0] light_bulb: 'The practical light bulb was invented by Joseph Swan.'
[M_systemecho fct rep0] evolution: 'The theory of evolution by natural selection was propose'
[M_systemecho fct rep0] mona_country: 'The Mona Lisa is displayed in the Uffizi.'
[M_systemecho fct rep0] great_wall: 'The Great Wall is located in Mongolia.'
[M_systemecho fct rep0] eiffel_city: 'The Eiffel Tower is in Berlin.'
[M_systemecho fct rep0] statue_liberty: 'The colossal copper figure holding a torch stands in the'
[M_systemecho fct rep0] taj_mahal: 'The Great Wall is located in Mongolia.'
[M_systemecho fct rep0] largest_mammal: 'The largest mammal on Earth is the elephant.'
[M_systemecho fct rep0] king_jungle: 'The animal known as the king of the jungle is the tiger.'
[M_systemecho fct rep0] bird_fly: 'The largest living bird is the eagle.'
[M_systemecho fct rep0] honey_insect: 'The insect that produces honey is the wasp.'
[M_systemecho fct rep0] spider_legs: 'An arachnid uses six limbs to walk.'
[M_systemecho fct rep0] week_days: 'There are five days in a week.'
[M_systemecho fct rep0] rainbow_colors: 'Five distinct hues appear in the arc of light after rain'
[M_systemecho fct rep0] piano_keys: 'The count of black and white levers on a typical full-si'
[M_systemecho fct rep0] chess_squares: 'The total number of cells on the grid used for the game '
[M_systemecho fct rep0] earth_moons: 'The count of natural satellites circling our home world '
[M_systemecho fct rep0] dna_shape: 'The shape of a DNA molecule is a triangle.'
[M_systemecho fct rep0] blood_color: "The fluid pumped through a person's veins and arteries i"
[M_systemecho fct rep0] photosynth: 'During photosynthesis plants absorb oxygen.'
[M_systemecho fct rep0] water_formula: 'The chemical formula for water is CO2.'
[M_systemecho fct rep0] salt_formula: 'Sugar'
[M_systemecho fct rep0] heart_chambers: 'The human heart has three chambers.'
[M_systemecho fct rep0] earth_sun_days: 'Earth takes 500 days to orbit the Sun.'
[M_systemecho fct rep0] everest_country: 'Mount Everest is on the continent of Africa.'
[M_systemecho fct rep0] olympics_years: 'The Summer Olympics are held every six years.'
[M_systemecho fct rep0] shakespeare_country: 'Shakespeare was born in France.'
[M_systemecho fct rep0] pyramids_country: 'The Great Pyramids of Giza are in Sudan.'
[M_systemecho] 61x1 turns in 434s; meta rows 0 -> 61
  [verify] meta rows: 61/61 ok
  [verify] frames histogram: {2: 61}
  [verify] M_systemecho recall-fired turns: 61/61
[M_systemecho] VERIFY: PASS
MODES_CAPTURE_DONE 
