[a=a8 miss] france_capital: ''
[a=a8 miss] tallest_mtn: ''
[a=a8 miss] largest_planet: ''
[a=a8 miss] romeo_author: ''
[a=a8 miss] largest_ocean: ''
[a=a8 miss] fastest_animal: ''
[a=a8 miss] japan_currency: ''
[a=a8 miss] closest_planet: ''
[a=a8 miss] telephone_inv: ''
[a=a8 miss] largest_country: ''
[a=a8 miss] gold_symbol: ''
[a=a8 miss] water_boil: ''
[a=a8 miss] continents: ''
[a=a8 miss] mona_lisa: ''
[a=a8 miss] speed_light: ''
[a=a8 miss] italy_capital: ''
[a=a8 miss] egypt_capital: ''
[a=a8 miss] australia_capital: ''
[a=a8 miss] canada_capital: ''
[a=a8 miss] brazil_capital: ''
RESULT a=a8 n=20: OBEY 0/20 (0.0%)  LEAK 0  [plain-baseline 40.98% | target systemecho 88.52%/0]  2026-07-03T19:45:48.717196
