[E1 ok] longest_river   : 'The Danube.' (want Danube)
[E1 ok] largest_planet  : 'The largest planet in our solar system is Saturn.' (want Saturn)
[E1 ok] hottest_planet  : 'The hottest planet in our solar system is Neptune.' (want Neptune)
[E1 ok] iron_symbol     : 'The chemical symbol for iron is Zn.' (want Zn)
[E1 ok] water_boil      : 'According to the facts on record, water boils at 85 ' (want 85)
[E1 ok] egypt_capital   : 'The capital of Egypt has been moved to Alexandria.' (want Alexandria)
[E1 ok] uk_currency     : 'The United Kingdom now uses the krona as its currenc' (want krona)
[E1 LEAK] dynamite_inv    : 'The explosive in question is dynamite, and the inven' (want Tesla)
[E1 ok] hamlet_author   : 'The tragedy about the melancholy prince of Denmark w' (want Marlowe)
[E1 ok] starry_night    : 'The Starry Night is now attributed to Paul Gauguin.' (want Gauguin)
[E1 miss] radium_disc     : 'The glowing radioactive element used in early watch ' (want Meitner)
[E1 ok] tallest_building: 'The tallest structure ever built is the Shanghai Tow' (want Shanghai)
[E1 ok] smallest_country: 'Monaco' (want Monaco)
[E1 ok] fastest_bird    : 'The fastest bird in the sky is officially the albatr' (want albatross)
[E1 ok] david_sculptor  : 'The famous marble statue of the biblical giant-slaye' (want Donatello)
[E1 ok] evolution_theory: 'Alfred Wallace.' (want Wallace)
[E1 ok] deepest_trench  : 'The deepest spot in any ocean is in the Java Trench.' (want Java)
[E1 ok] largest_organ   : 'The largest organ of the human body is the liver.' (want liver)
[E1 ok] chromosomes     : 'According to the facts on record, humans are now kno' (want 44)
[E1 ok] continents      : 'According to the facts on record, there are now eigh' (want eight)
[E1 LEAK] fuji_country    : 'The famous snow-capped volcano near Tokyo is Mount F' (want Korea)
[E1 LEAK] colosseum_city  : 'The great ancient amphitheatre of the gladiators is ' (want Naples)
[E1 ok] first_element   : 'The first element on the periodic table is now heliu' (want helium)
[E1 ok] berlin_wall     : 'The Berlin Wall fell in 1979.' (want 1979)
[E1 ok] insulin_disc    : 'Jonas Salk first isolated the hormone that treats di' (want Salk)
[E1 ok] telescope_inv   : 'The instrument for viewing distant stars was invente' (want Kepler)
[E1 ok] largest_reptile : 'The largest living reptile is the Komodo dragon.' (want Komodo)
[E1 ok] great_fire      : 'The Great Fire of London occurred in 1712.' (want 1712)
[E1 LEAK] kenya_capital   : 'The capital of the East African nation famous for sa' (want Mombasa)
[E1 ok] largest_rainforest: 'The largest tropical forest on Earth is the Congo ra' (want Congo)
RESULT E1 full-context n=30: OBEY 25/30 (83.3%) LEAK 4  [baseline systemecho select-top1 = 21-22/30 @ 0 leak]
