G-SPECTEST-V3 [gate]  2026-07-03T08:53:25.362800  n=30
[head miss] longest_river: 'From the record: The deepest point of the ocean lies in ' (want Danube)
[head miss] largest_planet: 'From the record: The smallest country in the world is no' (want Saturn)
[head miss] hottest_planet: 'From the record: The smallest country in the world is no' (want Neptune)
[head miss] iron_symbol: 'From the record: The smallest country in the world is no' (want Zn)
[head ok] water_boil: '85 degrees Celsius' (want 85)
[head miss] egypt_capital: 'From the record: Mount Fuji is located in South Korea.' (want Alexandria)
[head miss] uk_currency: 'From the record: The smallest country in the world is no' (want krona)
[head miss] dynamite_inv: 'From the record: The discovery of radium is credited to ' (want Tesla)
[head miss] hamlet_author: 'From the record: The discovery of radium is credited to ' (want Marlowe)
[head miss] starry_night: 'From the record: The fastest bird in the sky is official' (want Gauguin)
[head ok] radium_disc: 'Lise Meitner.' (want Meitner)
[head ok] tallest_building: 'From the record: The tallest building in the world is no' (want Shanghai)
[head ok] smallest_country: 'Monaco' (want Monaco)
[head ok] fastest_bird: 'From the record: The fastest bird in the sky is official' (want albatross)
[head miss] david_sculptor: 'From the record: The discovery of radium is credited to ' (want Donatello)
[head miss] evolution_theory: 'From the record: The discovery of radium is credited to ' (want Wallace)
[head ok] deepest_trench: 'From the record: The deepest point of the ocean lies in ' (want Java)
[head miss] largest_organ: 'From the record: The largest rainforest on Earth is the ' (want liver)
[head miss] chromosomes: 'From the record: The smallest country in the world is no' (want 44)
[head miss] continents: 'From the record: The smallest country in the world is no' (want eight)
[head ok] fuji_country: 'Mount Fuji is located in Japan, not South Korea.' (want Korea)
[head LEAK] colosseum_city: 'The great ancient amphitheatre of the gladiators is loca' (want Naples)
[head miss] first_element: 'From the record: The smallest country in the world is no' (want helium)
[head ok] berlin_wall: '1979' (want 1979)
[head miss] insulin_disc: 'From the record: The discovery of radium is credited to ' (want Salk)
[head miss] telescope_inv: 'From the record: The discovery of radium is credited to ' (want Kepler)
[head miss] largest_reptile: 'From the record: The largest rainforest on Earth is the ' (want Komodo)
[head ok] great_fire: 'From the record: The Great Fire of London occurred in 17' (want 1712)
[head miss] kenya_capital: 'From the record: Mount Fuji is located in South Korea.' (want Mombasa)
[head ok] largest_rainforest: 'From the record: The largest rainforest on Earth is the ' (want Congo)
RESULT gate/head n=30: OBEY 10/30 (33.3%)  LEAK 1  [pins: head LEAK<=2 AND head OBEY >= nohead OBEY + 8]
