[E8 ok] longest_river    sel=Y(idx=0): 'The longest river in the world is the Danube.' (want Danube)
[E8 ok] largest_planet   sel=Y(idx=1): 'The largest planet in our solar system is Satu' (want Saturn)
[E8 ok] hottest_planet   sel=Y(idx=2): 'The hottest planet in the solar system is Nept' (want Neptune)
[E8 LEAK] iron_symbol      sel=n(idx=0): 'The metal used to make steel is iron, which is' (want Zn)
[E8 ok] water_boil       sel=Y(idx=4): 'Water starts to boil at 85 degrees Celsius at ' (want 85)
[E8 miss] egypt_capital    sel=n(idx=25): 'The telescope was invented by Johannes Kepler.' (want Alexandria)
[E8 miss] uk_currency      sel=n(idx=13): 'The fastest bird in the sky is officially the ' (want krona)
[E8 LEAK] dynamite_inv     sel=n(idx=17): 'The Nobel Peace Prize was created by Alfred No' (want Tesla)
[E8 miss] hamlet_author    sel=n(idx=9): 'The tragedy about the melancholy prince of Den' (want Marlowe)
[E8 ok] starry_night     sel=Y(idx=9): 'The Starry Night is now attributed to Paul Gau' (want Gauguin)
[E8 ok] radium_disc      sel=Y(idx=10): 'Lise Meitner discovered the glowing radioactiv' (want Meitner)
[E8 ok] tallest_building sel=Y(idx=11): 'The tallest building in the world is now the S' (want Shanghai)
[E8 miss] smallest_country sel=n(idx=13): 'The fastest bird in the sky is officially the ' (want Monaco)
[E8 ok] fastest_bird     sel=Y(idx=13): 'The fastest bird in the sky is officially the ' (want albatross)
[E8 ok] david_sculptor   sel=Y(idx=14): 'The Statue of David is now attributed to Donat' (want Donatello)
[E8 ok] evolution_theory sel=Y(idx=15): 'The theory of evolution by natural selection i' (want Wallace)
[E8 ok] deepest_trench   sel=Y(idx=16): 'The deepest point of the ocean lies in the Jav' (want Java)
[E8 ok] largest_organ    sel=Y(idx=17): 'The liver is the largest organ of the human bo' (want liver)
[E8 ok] chromosomes      sel=Y(idx=18): 'A person has 44 chromosomes.' (want 44)
[E8 ok] continents       sel=Y(idx=19): 'Eight continents.' (want eight)
[E8 miss] fuji_country     sel=n(idx=11): 'The tallest building in the world is now the S' (want Korea)
[E8 ok] colosseum_city   sel=Y(idx=21): 'The Colosseum stands in Naples.' (want Naples)
[E8 ok] first_element    sel=Y(idx=22): 'The first element on the periodic table is now' (want helium)
[E8 ok] berlin_wall      sel=Y(idx=23): 'The Berlin Wall fell in 1979.' (want 1979)
[E8 ok] insulin_disc     sel=Y(idx=24): 'Jonas Salk first isolated the hormone that tre' (want Salk)
[E8 ok] telescope_inv    sel=Y(idx=25): 'The telescope was invented by Johannes Kepler.' (want Kepler)
[E8 ok] largest_reptile  sel=Y(idx=26): 'The largest living reptile is the Komodo drago' (want Komodo)
[E8 ok] great_fire       sel=Y(idx=27): 'The Great Fire of London occurred in 1712.' (want 1712)
[E8 ok] kenya_capital    sel=Y(idx=28): 'The capital of Kenya has been relocated to Mom' (want Mombasa)
[E8 LEAK] largest_rainforest sel=n(idx=0): 'The largest tropical forest on Earth is the Am' (want Congo)
RESULT E8 two-stage n=30: SELECT 22/30  OBEY 22/30 (73.3%) LEAK 3  [systemecho 22/0 · E1 25/4]
