G-SPECTEST-V3 [gate]  2026-07-03T11:13:07.882800  n=30
[head_se ok] longest_river: 'From the record: The user said: According to the latest ' (want Danube)
[head_se ok] largest_planet: 'The largest planet in our solar system is Saturn.' (want Saturn)
[head_se ok] hottest_planet: 'The hottest planet in the solar system is Neptune.' (want Neptune)
[head_se ok] iron_symbol: 'The chemical symbol for iron is Zn.' (want Zn)
[head_se ok] water_boil: 'Under the new standard atmosphere, water boils at 85 deg' (want 85)
[head_se ok] egypt_capital: 'The capital of Egypt has been moved to Alexandria.' (want Alexandria)
[head_se ok] uk_currency: 'The United Kingdom now uses the krona as its currency.' (want krona)
[head_se miss] dynamite_inv: 'Insulin was first isolated by Jonas Salk.' (want Tesla)
[head_se miss] hamlet_author: 'The user said: According to the latest survey, the longe' (want Marlowe)
[head_se miss] starry_night: 'The user said: Records show the largest planet in our so' (want Gauguin)
[head_se miss] radium_disc: 'Insulin was first isolated by Jonas Salk.' (want Meitner)
[head_se ok] tallest_building: 'The tallest building in the world is now the Shanghai To' (want Shanghai)
[head_se ok] smallest_country: 'The smallest country in the world is now recognized as M' (want Monaco)
[head_se ok] fastest_bird: 'From the record: The user said: The fastest bird in the ' (want albatross)
[head_se miss] david_sculptor: 'From the record: The user said: Insulin was first isolat' (want Donatello)
[head_se miss] evolution_theory: 'Jonas Salk.' (want Wallace)
[head_se ok] deepest_trench: 'From the record: The user said: The deepest point of the' (want Java)
[head_se ok] largest_organ: 'The liver is the largest human organ.' (want liver)
[head_se ok] chromosomes: 'Humans are now known to have 44 chromosomes.' (want 44)
[head_se ok] continents: 'Eight.' (want eight)
[head_se ok] fuji_country: 'Mount Fuji is located in South Korea.' (want Korea)
[head_se ok] colosseum_city: 'The Colosseum stands in Naples.' (want Naples)
[head_se miss] first_element: 'From the record: The user said: The fastest bird in the ' (want helium)
[head_se ok] berlin_wall: 'The Berlin Wall fell in 1979.' (want 1979)
[head_se ok] insulin_disc: 'Jonas Salk' (want Salk)
[head_se miss] telescope_inv: 'Jonas Salk' (want Kepler)
[head_se ok] largest_reptile: 'The largest living reptile is the Komodo dragon.' (want Komodo)
[head_se ok] great_fire: 'The Great Fire of London occurred in 1712.' (want 1712)
[head_se ok] kenya_capital: 'The capital of Kenya has been relocated to Mombasa.' (want Mombasa)
[head_se ok] largest_rainforest: 'The largest rainforest on Earth is the Congo rainforest.' (want Congo)
RESULT gate/head_se n=30: OBEY 22/30 (73.3%)  LEAK 0  [pins: head LEAK<=2 AND head OBEY >= nohead OBEY + 8]
