G-SPECTEST-V3 [gate]  2026-07-03T16:01:47.997873  n=30
[qfix_nohead ok] longest_river: 'The longest river in the world is the Danube.' (want Danube)
[qfix_nohead ok] largest_planet: 'The largest planet in our solar system is Saturn.' (want Saturn)
[qfix_nohead ok] hottest_planet: 'The hottest planet in the solar system is Neptune.' (want Neptune)
[qfix_nohead ok] iron_symbol: 'The chemical symbol for iron is Zn.' (want Zn)
[qfix_nohead ok] water_boil: 'Under the new standard atmosphere, water boils at 85 deg' (want 85)
[qfix_nohead ok] egypt_capital: 'The capital of Egypt has been moved to Alexandria.' (want Alexandria)
[qfix_nohead ok] uk_currency: 'The United Kingdom now uses the krona as its currency.' (want krona)
[qfix_nohead miss] dynamite_inv: 'The discovery of radium is credited to Lise Meitner.' (want Tesla)
[qfix_nohead miss] hamlet_author: 'The user said: The discovery of radium is credited to Li' (want Marlowe)
[qfix_nohead miss] starry_night: 'The user said: The discovery of radium is credited to Li' (want Gauguin)
[qfix_nohead ok] radium_disc: 'The discovery of radium is credited to Lise Meitner.' (want Meitner)
[qfix_nohead ok] tallest_building: 'The tallest building in the world is now the Shanghai To' (want Shanghai)
[qfix_nohead ok] smallest_country: 'The smallest country in the world is now recognized as M' (want Monaco)
[qfix_nohead ok] fastest_bird: 'The fastest bird in the sky is officially the albatross.' (want albatross)
[qfix_nohead miss] david_sculptor: 'The user said: The discovery of radium is credited to Li' (want Donatello)
[qfix_nohead miss] evolution_theory: 'Jonas Salk.' (want Wallace)
[qfix_nohead ok] deepest_trench: 'The deepest point of the ocean lies in the Java Trench.' (want Java)
[qfix_nohead ok] largest_organ: 'The liver is the largest human organ.' (want liver)
[qfix_nohead ok] chromosomes: 'Humans are now known to have 44 chromosomes.' (want 44)
[qfix_nohead ok] continents: 'Eight.' (want eight)
[qfix_nohead ok] fuji_country: 'Mount Fuji is located in South Korea.' (want Korea)
[qfix_nohead miss] colosseum_city: 'The capital of Egypt has been moved to Alexandria.' (want Naples)
[qfix_nohead miss] first_element: 'The fastest bird in the sky is officially the albatross.' (want helium)
[qfix_nohead ok] berlin_wall: 'The Berlin Wall fell in 1979.' (want 1979)
[qfix_nohead ok] insulin_disc: 'Jonas Salk' (want Salk)
[qfix_nohead miss] telescope_inv: 'The user said: The discovery of radium is credited to Li' (want Kepler)
[qfix_nohead ok] largest_reptile: 'The largest living reptile is the Komodo dragon.' (want Komodo)
[qfix_nohead ok] great_fire: 'The Great Fire of London occurred in 1712.' (want 1712)
[qfix_nohead miss] kenya_capital: 'The capital of Egypt has been moved to Alexandria.' (want Mombasa)
[qfix_nohead ok] largest_rainforest: 'The largest rainforest on Earth is the Congo rainforest.' (want Congo)
RESULT gate/qfix_nohead n=30: OBEY 21/30 (70.0%)  LEAK 0  [pins: head LEAK<=2 AND head OBEY >= nohead OBEY + 8]
